2026-09-27 03:57:40.732 xcodebuild[14863:13523983]  DVTFilePathFSEvents: Failed to start fs event stream.
2026-09-27 03:57:40.963 xcodebuild[14863:13523935] [MT] DVTDeveloperPaths: Failed to get length of DARWIN_USER_CACHE_DIR from confstr(3), error = Error Domain=NSPOSIXErrorDomain Code=5 "Input/output error". Using NSCachesDirectory instead.
2026-09-27 03:57:41.345 xcodebuild[14863:13523984] CoreSimulatorService connection became invalid.  Simulator services will no longer be available.
Command line invocation:
    /Applications/Xcode.app/Contents/Developer/usr/bin/xcodebuild -project build/s41-p7a/KaitoFinder/KaitoFinder.xcodeproj -scheme KaitoFinder -destination platform=macOS,arch=arm64 -configuration Debug -derivedDataPath build/s41-p7a/DerivedData -clonedSourcePackagesDirPath build/Review0924Opt/SourcePackages -packageCachePath build/s41-p7a/PackageCache -disableAutomaticPackageResolution build-for-testing

2026-09-27 03:57:41.415 xcodebuild[14863:13523935] [MT] DVTAssertions: Warning in DVTFrameworks/DVTFoundation/FileTypes/DVTFileDataTypeDetection.m:80
Details:  detectedTypeIdentifier (com.apple.binary-property-list) does not conform to matchedTypeIdentifier in MagicFileDataTypeDetector extenson com.apple.property-list. When both are specified, this conformance is required unless overridden by setting allowNonInheritance. extension.identifier:Xcode.MagicFileDataTypeDetector.BinaryPlist
Object:   <DVTFileDataTypeDetectionMagicCache: 0x7cd5634e40>
Method:   -initWithExtension:
Thread:   <_NSMainThread: 0x1033ad470>{number = 1, name = main}
Please file a bug at https://feedbackassistant.apple.com with this warning message and any useful information you can provide.
2026-09-27 03:57:41.415 xcodebuild[14863:13523935] [MT] DVTAssertions: Warning in DVTFrameworks/DVTFoundation/FileTypes/DVTFileDataTypeDetection.m:80
Details:  detectedTypeIdentifier (com.apple.xml-property-list) does not conform to matchedTypeIdentifier in MagicFileDataTypeDetector extenson com.apple.property-list. When both are specified, this conformance is required unless overridden by setting allowNonInheritance. extension.identifier:Xcode.MagicFileDataTypeDetector.XMLPlist
Object:   <DVTFileDataTypeDetectionMagicCache: 0x7cd5634e40>
Method:   -initWithExtension:
Thread:   <_NSMainThread: 0x1033ad470>{number = 1, name = main}
Please file a bug at https://feedbackassistant.apple.com with this warning message and any useful information you can provide.
2026-09-27 03:57:41.489 xcodebuild[14863:13524215] Logging connecton invalid: <OS_xpc_error: <dictionary: 0x1ff849ba0> { count = 1, transaction: 0, voucher = 0x0, contents =
	"XPCErrorDescription" => <string: 0x1ff849ce0> { string cache = 0x0, length = 18, contents = "Connection invalid" }
}>
2026-09-27 03:57:41.489 xcodebuild[14863:13524205] Error opening log file (/Users/nagash/Library/Logs/CoreSimulator/CoreSimulator.com.apple.dt.xcodebuild.log): Operation not permitted
[-[SimDiskImageManager _onQueue_checkConnection:]:219] ERROR : simdiskimaged connection is currently unavailable because connection became invalid
[-[SimServiceContext initWithDeveloperDir:connectionType:error:]:499] WARN  : Unable to discover any Simulator runtimes. Developer Directory is /Applications/Xcode.app/Contents/Developer.
[-[SimServiceContext initWithDeveloperDir:connectionType:error:]_block_invoke:556] ERROR : Could not get list of trusted mount directories: Error Domain=com.apple.CoreSimulator.SimError Code=409 "Cannot talk to the service used to manage runtime disk images (simdiskimaged) because its launchd job is not registered or was unloaded" UserInfo={NSLocalizedDescription=Cannot talk to the service used to manage runtime disk images (simdiskimaged) because its launchd job is not registered or was unloaded}
[-[SimDiskImageManager init]:175] ERROR : Could not kickstart simdiskimaged; SimDiskImageManager services will not be available: Error Domain=NSPOSIXErrorDomain Code=53 "Software caused connection abort" UserInfo={NSLocalizedDescription=Error returned in reply from CoreSimulatorService: Connection invalid}
[-[SimDiskImageManager _onQueue_checkConnection:]:239] ERROR : simdiskimaged returned error (invalid), marking disconnected.
[-[SimServiceContext sendRequest:reply:error:]:1982] ERROR : Unable to deliver request ({
    request = "notification_subscription";
    "set_path" = "/Users/nagash/Library/Developer/CoreSimulator/Devices";
}) because we are not connected to CoreSimulatorService.
2026-09-27 03:57:41.490 xcodebuild[14863:13524209] Error Domain=NSPOSIXErrorDomain Code=61 "Connection refused" UserInfo={NSLocalizedDescription=CoreSimulatorService connection became invalid.  Simulator services will no longer be available.}
[-[SimServiceContext sendRequest:reply:error:]:1982] ERROR : Unable to deliver request ({
    request = "notification_subscription";
    "set_path" = "/Users/nagash/Library/Developer/CoreSimulator/Devices";
}) because we are not connected to CoreSimulatorService.
2026-09-27 03:57:41.490 xcodebuild[14863:13524209]  iOSSimulator: [SimServiceContext defaultDeviceSetWithError:] returned nil (Error Domain=NSPOSIXErrorDomain Code=61 "Connection refused" UserInfo={NSLocalizedFailureReason=Failed to subscribe to notifications from CoreSimulatorService., NSLocalizedDescription=Failed to initialize simulator device set., NSUnderlyingError=0x7cd6b00420 {Error Domain=NSPOSIXErrorDomain Code=61 "Connection refused" UserInfo={NSLocalizedDescription=CoreSimulatorService connection became invalid.  Simulator services will no longer be available.}}}). Simulator device support disabled.
2026-09-27 03:57:41.490 xcodebuild[14863:13523983] Error Domain=NSPOSIXErrorDomain Code=61 "Connection refused" UserInfo={NSLocalizedDescription=CoreSimulatorService connection became invalid.  Simulator services will no longer be available.}
2026-09-27 03:57:41.491 xcodebuild[14863:13523983]  IDESimulatorAvailability: startObservingSimulatorUpdates() FAILED to register SimDeviceSet observer
ComputePackagePrebuildTargetDependencyGraph

CreateBuildRequest

SendProjectDescription

CreateBuildOperation

ComputeTargetDependencyGraph
note: Building targets in dependency order
note: Target dependency graph (2 targets)
    Target 'KaitoFinderTests' in project 'KaitoFinder'
        ➜ Explicit dependency on target 'KaitoFinder' in project 'KaitoFinder'
    Target 'KaitoFinder' in project 'KaitoFinder' (no dependencies)

GatherProvisioningInputs

CreateBuildDescription

ExecuteExternalTool /Applications/Xcode.app/Contents/Developer/Toolchains/XcodeDefault.xctoolchain/usr/bin/clang -v -E -dM -isysroot /Applications/Xcode.app/Contents/Developer/Platforms/MacOSX.platform/Developer/SDKs/MacOSX27.0.sdk -x c -c /dev/null

ExecuteExternalTool /Applications/Xcode.app/Contents/Developer/usr/bin/ibtool --version --output-format xml1

ExecuteExternalTool /Applications/Xcode.app/Contents/Developer/usr/bin/actool --version --output-format xml1

ExecuteExternalTool /Applications/Xcode.app/Contents/Developer/Toolchains/XcodeDefault.xctoolchain/usr/bin/swiftc --version

ExecuteExternalTool /Applications/Xcode.app/Contents/Developer/Toolchains/XcodeDefault.xctoolchain/usr/bin/ld -version_details

ExecuteExternalTool /Applications/Xcode.app/Contents/Developer/usr/bin/xcstringstool compile --dry-run --output-directory /Users/nagash/Github/KaitoFinder/build/s41-p7a/DerivedData/Build/Intermediates.noindex/KaitoFinder.build/Debug/KaitoFinder.build /Users/nagash/Github/KaitoFinder/build/s41-p7a/KaitoFinder/KaitoFinder/Resources/GoMenu.xcstrings

ExecuteExternalTool /Applications/Xcode.app/Contents/Developer/usr/bin/xcstringstool compile --dry-run --output-directory /Users/nagash/Github/KaitoFinder/build/s41-p7a/DerivedData/Build/Intermediates.noindex/KaitoFinder.build/Debug/KaitoFinder.build /Users/nagash/Github/KaitoFinder/build/s41-p7a/KaitoFinder/KaitoFinder/Resources/Localizable.xcstrings

Build description signature: 67b40e8acbc28701c4b0a9c3726d9184
Build description path: /Users/nagash/Github/KaitoFinder/build/s41-p7a/DerivedData/Build/Intermediates.noindex/XCBuildData/67b40e8acbc28701c4b0a9c3726d9184.xcbuilddata
/Users/nagash/Github/KaitoFinder/build/s41-p7a/KaitoFinder/KaitoFinder.xcodeproj: error: Missing package product 'KaitoKit' (in target 'KaitoFinder' from project 'KaitoFinder')
/Users/nagash/Github/KaitoFinder/build/s41-p7a/KaitoFinder/KaitoFinder.xcodeproj: error: Missing package product 'GyoshukuKit' (in target 'KaitoFinder' from project 'KaitoFinder')
/Users/nagash/Github/KaitoFinder/build/s41-p7a/KaitoFinder/KaitoFinder.xcodeproj: error: Missing package product 'Sparkle' (in target 'KaitoFinder' from project 'KaitoFinder')
** TEST BUILD FAILED **


The following build commands failed:
	Building project KaitoFinder for testing with scheme KaitoFinder
(1 failure)
